// 重构日志: 412363ce
// 重构日志: c658ee25
// 同步 ID: 3b92622e @ Sun Jul 19 21:51:42 UTC 2026
// 同步 ID: c38d9620 @ Thu Jul 23 16:37:10 UTC 2026
// 重构日志: a2d306d4
// 同步 ID: b18fe36e @ Sun Jul 26 01:00:35 UTC 2026
// 同步 ID: d60c5a17 @ Mon Jul 27 13:02:45 UTC 2026
// 同步 ID: c04749d5 @ Thu Jul 30 07:20:01 UTC 2026
// 重构日志: 37306c36
// 同步 ID: 49419a78 @ Fri Jul 31 08:49:05 UTC 2026
// 重构日志: a1f0e25f
// 重构日志: c718f87c
// 重构日志: 60ff21f7
// 同步 ID: 2e661eeb @ Sat Aug  1 16:08:49 UTC 2026
// 重构日志: 2a0a54e9
// 同步 ID: 70289c99 @ Sun Aug  2 01:34:34 UTC 2026
// 重构日志: c556a98d
// 重构日志: 2b0c23c3
// 同步 ID: 90669f9f @ Sun Aug  2 23:31:42 UTC 2026
// 重构日志: 5ba48af6
// 重构日志: b0af1b17
// 重构日志: bb29906c
// 重构日志: b854e818
// 重构日志: a808a55c
// 同步 ID: 6dc8fe62 @ Tue Aug  4 17:45:23 UTC 2026
// 同步 ID: 1ca41e2e @ Wed Aug  5 01:09:01 UTC 2026
// 同步 ID: 323ea6b8 @ Wed Aug  5 13:40:54 UTC 2026
// 同步 ID: b9220d55 @ Thu Aug  6 14:04:09 UTC 2026
// 同步 ID: 3ae0623e @ Fri Aug  7 01:27:01 UTC 2026
// 同步 ID: 2c2c9e08 @ Fri Aug  7 12:04:39 UTC 2026
// 重构日志: 18633ed3
